// Jest Snapshot v1, https://goo.gl/fbAQLP

exports[`SearchBox tests creates a snapshot 1`] = `
<DocumentFragment>
  <div
    class="input-container relative"
  >
    <input
      autocomplete="off"
      class="search"
      data-testid="search"
      name="search"
      placeholder="Zooken"
      type="search"
    />
    <button
      aria-label="Zooken"
      type="submit"
    >
      <img
        src="search-icon.svg"
      />
    </button>
  </div>
</DocumentFragment>
`;
